{"_version":"1.1.0","sap.app":{"_version":"1.1.0","id":"sample.app","type":"application","i18n":"i18n/i18n.properties","title":"Sample App","description":"An App that is a sample","applicationVersion":{"version":"No Tag Found (e3a3af74)"}},"sap.ui":{"_version":"1.1.0","technology":"UI5","name":"Sample Manifest File","deviceTypes":{"desktop":true,"tablet":true,"phone":true},"supportedThemes":["sap_bluecrystal"],"icons":{"icon":"sap-icon://soccer"}},"sap.ui5":{"_version":"1.1.0","rootView":"sample.view.App","dependencies":{"minUI5Version":"1.28","libs":{"sap.m":{}}}}}